
There are no discarded input sections

Memory Configuration

Name             Origin             Length             Attributes
FLASH            0x08000000         0x00040000         xr
SRAM1            0x20000000         0x00010000         xrw
*default*        0x00000000         0xffffffff

Linker script and memory map


.text           0x08000000       0x18
                0x08000000                        . = ALIGN (0x4)
 *(.text)
 .text          0x08000000       0x18 main.o
                0x08000000                main
 *(.rodata)
                0x08000018                        . = ALIGN (0x4)

.glue_7         0x08000018        0x0
 .glue_7        0x08000018        0x0 linker stubs

.glue_7t        0x08000018        0x0
 .glue_7t       0x08000018        0x0 linker stubs

.vfp11_veneer   0x08000018        0x0
 .vfp11_veneer  0x08000018        0x0 linker stubs

.v4_bx          0x08000018        0x0
 .v4_bx         0x08000018        0x0 linker stubs

.iplt           0x08000018        0x0
 .iplt          0x08000018        0x0 main.o

.rel.dyn        0x08000018        0x0
 .rel.iplt      0x08000018        0x0 main.o

.data           0x20000000        0x0 load address 0x08000018
                0x20000000                        . = ALIGN (0x4)
 *(.data)
 .data          0x20000000        0x0 main.o
                0x20000000                        . = ALIGN (0x4)

.igot.plt       0x20000000        0x0 load address 0x08000018
 .igot.plt      0x20000000        0x0 main.o

.bss            0x20000000        0x8 load address 0x08000018
                0x20000000                        . = ALIGN (0x4)
 *(.bss)
 .bss           0x20000000        0x8 main.o
                0x20000000                global1
                0x20000004                global2
                0x20000008                        . = ALIGN (0x4)
LOAD main.o
OUTPUT(main.elf elf32-littlearm)
LOAD linker stubs

.comment        0x00000000       0x45
 .comment       0x00000000       0x45 main.o
                                 0x46 (size before relaxing)

.ARM.attributes
                0x00000000       0x2e
 .ARM.attributes
                0x00000000       0x2e main.o
